{smcl}
{com}{sf}{ul off}{txt}{.-}
      name:  {res}<unnamed>
       {txt}log:  {res}C:\Users\REET CHOPRA\OneDrive\Desktop\Stata17\Stata_Assignments\Task_6.smcl
  {txt}log type:  {res}smcl
 {txt}opened on:  {res} 3 Dec 2025, 20:45:51

{com}. import excel "C:\Users\REET CHOPRA\OneDrive\Desktop\heart_attack_data.xlsx", sheet("heart_attack_prediction_dataset") firstrow
{res}{text}(26 vars, 8,763 obs)

{com}. describe

{txt}Contains data
 Observations:{res}         8,763                  
{txt}    Variables:{res}            26                  
{txt}{hline}
Variable      Storage   Display    Value
    name         type    format    label      Variable label
{hline}
{p 0 48}{res}{bind:PatientID      }{txt}{bind: str7    }{bind:{txt}%9s       }{space 1}{bind:         }{bind:  }{res}{res}Patient ID{p_end}
{p 0 48}{bind:Age            }{txt}{bind: byte    }{bind:{txt}%10.0g    }{space 1}{bind:         }{bind:  }{res}{res}Age{p_end}
{p 0 48}{bind:Gender         }{txt}{bind: str6    }{bind:{txt}%9s       }{space 1}{bind:         }{bind:  }{res}{res}Gender{p_end}
{p 0 48}{bind:Cholesterol    }{txt}{bind: int     }{bind:{txt}%10.0g    }{space 1}{bind:         }{bind:  }{res}{res}Cholesterol{p_end}
{p 0 48}{bind:BloodPressure  }{txt}{bind: str7    }{bind:{txt}%9s       }{space 1}{bind:         }{bind:  }{res}{res}Blood Pressure{p_end}
{p 0 48}{bind:HeartRate      }{txt}{bind: int     }{bind:{txt}%10.0g    }{space 1}{bind:         }{bind:  }{res}{res}Heart Rate{p_end}
{p 0 48}{bind:Diabetes       }{txt}{bind: byte    }{bind:{txt}%10.0g    }{space 1}{bind:         }{bind:  }{res}{res}Diabetes{p_end}
{p 0 48}{bind:FamilyHistory  }{txt}{bind: byte    }{bind:{txt}%10.0g    }{space 1}{bind:         }{bind:  }{res}{res}Family History{p_end}
{p 0 48}{bind:Smoking        }{txt}{bind: byte    }{bind:{txt}%10.0g    }{space 1}{bind:         }{bind:  }{res}{res}Smoking{p_end}
{p 0 48}{bind:Obesity        }{txt}{bind: byte    }{bind:{txt}%10.0g    }{space 1}{bind:         }{bind:  }{res}{res}Obesity{p_end}
{p 0 48}{bind:AlcoholConsum~n}{txt}{bind: byte    }{bind:{txt}%10.0g    }{space 1}{bind:         }{bind:  }{res}{res}Alcohol Consumption{p_end}
{p 0 48}{bind:ExerciseHours~k}{txt}{bind: double  }{bind:{txt}%10.0g    }{space 1}{bind:         }{bind:  }{res}{res}Exercise Hours Per Week{p_end}
{p 0 48}{bind:Diet           }{txt}{bind: str9    }{bind:{txt}%9s       }{space 1}{bind:         }{bind:  }{res}{res}Diet{p_end}
{p 0 48}{bind:PreviousHeart~s}{txt}{bind: byte    }{bind:{txt}%10.0g    }{space 1}{bind:         }{bind:  }{res}{res}Previous Heart Problems{p_end}
{p 0 48}{bind:MedicationUse  }{txt}{bind: byte    }{bind:{txt}%10.0g    }{space 1}{bind:         }{bind:  }{res}{res}Medication Use{p_end}
{p 0 48}{bind:StressLevel    }{txt}{bind: byte    }{bind:{txt}%10.0g    }{space 1}{bind:         }{bind:  }{res}{res}Stress Level{p_end}
{p 0 48}{bind:SedentaryHour~y}{txt}{bind: double  }{bind:{txt}%10.0g    }{space 1}{bind:         }{bind:  }{res}{res}Sedentary Hours Per Day{p_end}
{p 0 48}{bind:Income         }{txt}{bind: long    }{bind:{txt}%10.0g    }{space 1}{bind:         }{bind:  }{res}{res}Income{p_end}
{p 0 48}{bind:BMI            }{txt}{bind: double  }{bind:{txt}%10.0g    }{space 1}{bind:         }{bind:  }{res}{res}BMI{p_end}
{p 0 48}{bind:Triglycerides  }{txt}{bind: int     }{bind:{txt}%10.0g    }{space 1}{bind:         }{bind:  }{res}{res}Triglycerides{p_end}
{p 0 48}{bind:PhysicalActiv~k}{txt}{bind: byte    }{bind:{txt}%10.0g    }{space 1}{bind:         }{bind:  }{res}{res}Physical Activity Days Per Week{p_end}
{p 0 48}{bind:SleepHoursPer~y}{txt}{bind: byte    }{bind:{txt}%10.0g    }{space 1}{bind:         }{bind:  }{res}{res}Sleep Hours Per Day{p_end}
{p 0 48}{bind:Country        }{txt}{bind: str14   }{bind:{txt}%14s      }{space 1}{bind:         }{bind:  }{res}{res}Country{p_end}
{p 0 48}{bind:Continent      }{txt}{bind: str13   }{bind:{txt}%13s      }{space 1}{bind:         }{bind:  }{res}{res}Continent{p_end}
{p 0 48}{bind:Hemisphere     }{txt}{bind: str19   }{bind:{txt}%19s      }{space 1}{bind:         }{bind:  }{res}{res}Hemisphere{p_end}
{p 0 48}{bind:HeartAttackRisk}{txt}{bind: byte    }{bind:{txt}%10.0g    }{space 1}{bind:         }{bind:  }{res}{res}Heart Attack Risk{p_end}
{txt}{hline}
Sorted by: 
{res}     Note: Dataset has changed since last saved.

{com}. tab gender
{err}variable {bf}gender{sf} not found
{txt}{search r(111), local:r(111);}

{com}. tab Gender

     {txt}Gender {c |}      Freq.     Percent        Cum.
{hline 12}{c +}{hline 35}
     Female {c |}{res}      2,652       30.26       30.26
{txt}       Male {c |}{res}      6,111       69.74      100.00
{txt}{hline 12}{c +}{hline 35}
      Total {c |}{res}      8,763      100.00

{com}. tab Gender HeartAttackRisk

           {txt}{c |}   Heart Attack Risk
    Gender {c |}         0          1 {c |}     Total
{hline 11}{c +}{hline 22}{c +}{hline 10}
    Female {c |}{res}     1,708        944 {txt}{c |}{res}     2,652 
{txt}      Male {c |}{res}     3,916      2,195 {txt}{c |}{res}     6,111 
{txt}{hline 11}{c +}{hline 22}{c +}{hline 10}
     Total {c |}{res}     5,624      3,139 {txt}{c |}{res}     8,763 

{com}. tab HeartAttackRisk

      {txt}Heart {c |}
Attack Risk {c |}      Freq.     Percent        Cum.
{hline 12}{c +}{hline 35}
          0 {c |}{res}      5,624       64.18       64.18
{txt}          1 {c |}{res}      3,139       35.82      100.00
{txt}{hline 12}{c +}{hline 35}
      Total {c |}{res}      8,763      100.00

{com}. tab Gender HeartAttackRisk, column
{txt}
{c TLC}{hline 19}{c TRC}
{c |} Key{col 21}{c |}
{c LT}{hline 19}{c RT}
{c |}{space 5}{it:frequency}{col 21}{c |}
{c |}{space 1}{it:column percentage}{col 21}{c |}
{c BLC}{hline 19}{c BRC}

           {c |}   Heart Attack Risk
    Gender {c |}         0          1 {c |}     Total
{hline 11}{c +}{hline 22}{c +}{hline 10}
    Female {c |}{res}     1,708        944 {txt}{c |}{res}     2,652 
           {txt}{c |}{res}     30.37      30.07 {txt}{c |}{res}     30.26 
{txt}{hline 11}{c +}{hline 22}{c +}{hline 10}
      Male {c |}{res}     3,916      2,195 {txt}{c |}{res}     6,111 
           {txt}{c |}{res}     69.63      69.93 {txt}{c |}{res}     69.74 
{txt}{hline 11}{c +}{hline 22}{c +}{hline 10}
     Total {c |}{res}     5,624      3,139 {txt}{c |}{res}     8,763 
           {txt}{c |}{res}    100.00     100.00 {txt}{c |}{res}    100.00 

{com}. tab Diet

       {txt}Diet {c |}      Freq.     Percent        Cum.
{hline 12}{c +}{hline 35}
    Average {c |}{res}      2,912       33.23       33.23
{txt}    Healthy {c |}{res}      2,960       33.78       67.01
{txt}  Unhealthy {c |}{res}      2,891       32.99      100.00
{txt}{hline 12}{c +}{hline 35}
      Total {c |}{res}      8,763      100.00

{com}. su Cholesterol

{txt}    Variable {c |}        Obs        Mean    Std. dev.       Min        Max
{hline 13}{c +}{hline 57}
{space 1}Cholesterol {c |}{res}      8,763    259.8772    80.86328        120        400

{com}. encode Diet, gen(Diet1)

. br

. table Diet1, stat(mean Cholestrol) stat(max Cholesterol) stat(sd Cholesterol)
{res}{err}variable {bf}Cholestrol{sf} not found
(error in option {bf:statistic()})
{txt}{search r(111), local:r(111);}

{com}. table Diet1, stat(mean Cholesterol) stat(max Cholesterol) stat(sd Cholesterol)
{res}
{smcl}
{reset}{...}
{hline 11}{c -}{c TT}{c -}{c -}{hline 8}{c -}{c -}{c -}{hline 13}{c -}{c -}{c -}{hline 18}
{space 11} {c |}  {space 4}Mean   Maximum value   Standard deviation
{hline 11}{c -}{c +}{c -}{c -}{hline 8}{c -}{c -}{c -}{hline 13}{c -}{c -}{c -}{hline 18}
Diet{space 7} {c |}  {space 8}   {space 13}   {space 18}
  Average{space 2} {c |}  {result:260.1178}   {space 10}{result:400}   {space 10}{result:80.99161}
  Healthy{space 2} {c |}  {result:258.7061}   {space 10}{result:400}   {space 10}{result:79.88748}
  Unhealthy {c |}  {space 1}{result:260.834}   {space 10}{result:400}   {space 10}{result:81.73553}
  Total{space 4} {c |}  {result:259.8772}   {space 10}{result:400}   {space 10}{result:80.86328}
{hline 11}{c -}{c BT}{c -}{c -}{hline 8}{c -}{c -}{c -}{hline 13}{c -}{c -}{c -}{hline 18}

{com}. tab Continent HeartAttackRisk

              {txt}{c |}   Heart Attack Risk
    Continent {c |}         0          1 {c |}     Total
{hline 14}{c +}{hline 22}{c +}{hline 10}
       Africa {c |}{res}       551        322 {txt}{c |}{res}       873 
{txt}         Asia {c |}{res}     1,643        900 {txt}{c |}{res}     2,543 
{txt}    Australia {c |}{res}       565        319 {txt}{c |}{res}       884 
{txt}       Europe {c |}{res}     1,466        775 {txt}{c |}{res}     2,241 
{txt}North America {c |}{res}       536        324 {txt}{c |}{res}       860 
{txt}South America {c |}{res}       863        499 {txt}{c |}{res}     1,362 
{txt}{hline 14}{c +}{hline 22}{c +}{hline 10}
        Total {c |}{res}     5,624      3,139 {txt}{c |}{res}     8,763 

{com}. tab Continent HeartAttackRisk, column
{txt}
{c TLC}{hline 19}{c TRC}
{c |} Key{col 21}{c |}
{c LT}{hline 19}{c RT}
{c |}{space 5}{it:frequency}{col 21}{c |}
{c |}{space 1}{it:column percentage}{col 21}{c |}
{c BLC}{hline 19}{c BRC}

              {c |}   Heart Attack Risk
    Continent {c |}         0          1 {c |}     Total
{hline 14}{c +}{hline 22}{c +}{hline 10}
       Africa {c |}{res}       551        322 {txt}{c |}{res}       873 
              {txt}{c |}{res}      9.80      10.26 {txt}{c |}{res}      9.96 
{txt}{hline 14}{c +}{hline 22}{c +}{hline 10}
         Asia {c |}{res}     1,643        900 {txt}{c |}{res}     2,543 
              {txt}{c |}{res}     29.21      28.67 {txt}{c |}{res}     29.02 
{txt}{hline 14}{c +}{hline 22}{c +}{hline 10}
    Australia {c |}{res}       565        319 {txt}{c |}{res}       884 
              {txt}{c |}{res}     10.05      10.16 {txt}{c |}{res}     10.09 
{txt}{hline 14}{c +}{hline 22}{c +}{hline 10}
       Europe {c |}{res}     1,466        775 {txt}{c |}{res}     2,241 
              {txt}{c |}{res}     26.07      24.69 {txt}{c |}{res}     25.57 
{txt}{hline 14}{c +}{hline 22}{c +}{hline 10}
North America {c |}{res}       536        324 {txt}{c |}{res}       860 
              {txt}{c |}{res}      9.53      10.32 {txt}{c |}{res}      9.81 
{txt}{hline 14}{c +}{hline 22}{c +}{hline 10}
South America {c |}{res}       863        499 {txt}{c |}{res}     1,362 
              {txt}{c |}{res}     15.34      15.90 {txt}{c |}{res}     15.54 
{txt}{hline 14}{c +}{hline 22}{c +}{hline 10}
        Total {c |}{res}     5,624      3,139 {txt}{c |}{res}     8,763 
              {txt}{c |}{res}    100.00     100.00 {txt}{c |}{res}    100.00 

{com}. tab Continent HeartAttackRisk, column row
{txt}
{c TLC}{hline 19}{c TRC}
{c |} Key{col 21}{c |}
{c LT}{hline 19}{c RT}
{c |}{space 5}{it:frequency}{col 21}{c |}
{c |}{space 2}{it:row percentage}{col 21}{c |}
{c |}{space 1}{it:column percentage}{col 21}{c |}
{c BLC}{hline 19}{c BRC}

              {c |}   Heart Attack Risk
    Continent {c |}         0          1 {c |}     Total
{hline 14}{c +}{hline 22}{c +}{hline 10}
       Africa {c |}{res}       551        322 {txt}{c |}{res}       873 
              {txt}{c |}{res}     63.12      36.88 {txt}{c |}{res}    100.00 
              {txt}{c |}{res}      9.80      10.26 {txt}{c |}{res}      9.96 
{txt}{hline 14}{c +}{hline 22}{c +}{hline 10}
         Asia {c |}{res}     1,643        900 {txt}{c |}{res}     2,543 
              {txt}{c |}{res}     64.61      35.39 {txt}{c |}{res}    100.00 
              {txt}{c |}{res}     29.21      28.67 {txt}{c |}{res}     29.02 
{txt}{hline 14}{c +}{hline 22}{c +}{hline 10}
    Australia {c |}{res}       565        319 {txt}{c |}{res}       884 
              {txt}{c |}{res}     63.91      36.09 {txt}{c |}{res}    100.00 
              {txt}{c |}{res}     10.05      10.16 {txt}{c |}{res}     10.09 
{txt}{hline 14}{c +}{hline 22}{c +}{hline 10}
       Europe {c |}{res}     1,466        775 {txt}{c |}{res}     2,241 
              {txt}{c |}{res}     65.42      34.58 {txt}{c |}{res}    100.00 
              {txt}{c |}{res}     26.07      24.69 {txt}{c |}{res}     25.57 
{txt}{hline 14}{c +}{hline 22}{c +}{hline 10}
North America {c |}{res}       536        324 {txt}{c |}{res}       860 
              {txt}{c |}{res}     62.33      37.67 {txt}{c |}{res}    100.00 
              {txt}{c |}{res}      9.53      10.32 {txt}{c |}{res}      9.81 
{txt}{hline 14}{c +}{hline 22}{c +}{hline 10}
South America {c |}{res}       863        499 {txt}{c |}{res}     1,362 
              {txt}{c |}{res}     63.36      36.64 {txt}{c |}{res}    100.00 
              {txt}{c |}{res}     15.34      15.90 {txt}{c |}{res}     15.54 
{txt}{hline 14}{c +}{hline 22}{c +}{hline 10}
        Total {c |}{res}     5,624      3,139 {txt}{c |}{res}     8,763 
              {txt}{c |}{res}     64.18      35.82 {txt}{c |}{res}    100.00 
              {txt}{c |}{res}    100.00     100.00 {txt}{c |}{res}    100.00 

{com}. log close
      {txt}name:  {res}<unnamed>
       {txt}log:  {res}C:\Users\REET CHOPRA\OneDrive\Desktop\Stata17\Stata_Assignments\Task_6.smcl
  {txt}log type:  {res}smcl
 {txt}closed on:  {res} 3 Dec 2025, 20:52:40
{txt}{.-}
{smcl}
{txt}{sf}{ul off}